2025-08-21 11:24:20,834 - INFO - === 四川能投智慧光电智慧产业生态合作方案 PPT生成器 ===
2025-08-21 11:24:20,834 - INFO - 开始时间: 2025-08-21 11:24:20
2025-08-21 11:24:20,834 - INFO - 开始解析HTML文件夹: C:\Users\ARIS\Downloads\webpages
2025-08-21 11:24:20,835 - INFO - 找到 30 个HTML文件
2025-08-21 11:24:20,839 - INFO - 成功解析: page1.html - 四川能投智慧光电有限公司智慧产业生态合作方案
2025-08-21 11:24:20,848 - INFO - 成功解析: page2.html - 目录
2025-08-21 11:24:20,857 - INFO - 成功解析: page3.html - 合作背景：数字经济与智慧产业发展新机遇
2025-08-21 11:24:20,867 - INFO - 成功解析: page4.html - 国家及地方政策导向
2025-08-21 11:24:20,875 - INFO - 成功解析: page5.html - 建筑行业与园区智能化转型趋势
2025-08-21 11:24:20,885 - INFO - 成功解析: page6.html - 能源与算力融合发展前景
2025-08-21 11:24:20,897 - INFO - 成功解析: page7.html - 合作主体介绍
2025-08-21 11:24:20,905 - INFO - 成功解析: page8.html - 四川能投智慧光电有限公司
2025-08-21 11:24:20,918 - INFO - 成功解析: page9.html - 电子科大科技园人工智能概念验证中心
2025-08-21 11:24:20,923 - INFO - 成功解析: page10.html - 合作内容：构建智慧产业生态
2025-08-21 11:24:20,931 - INFO - 成功解析: page11.html - 高品质科创空间联合运营
2025-08-21 11:24:20,938 - INFO - 成功解析: page12.html - 平台搭建与功能规划
2025-08-21 11:24:20,948 - INFO - 成功解析: page13.html - 招商运营策略与资源导入
2025-08-21 11:24:20,955 - INFO - 成功解析: page14.html - 储能+边缘计算示范项目建设
2025-08-21 11:24:20,963 - INFO - 成功解析: page15.html - 智慧工地安全管理系统
2025-08-21 11:24:20,973 - INFO - 成功解析: page16.html - 系统1.0版本开发与知识产权形成
2025-08-21 11:24:20,982 - INFO - 成功解析: page17.html - 后续版本迭代与功能拓展
2025-08-21 11:24:20,991 - INFO - 成功解析: page18.html - 内部应用示范与外部市场推广
2025-08-21 11:24:20,997 - INFO - 成功解析: page19.html - 合作模式与运营策略
2025-08-21 11:24:21,010 - INFO - 成功解析: page20.html - 职责分工与资源投入
2025-08-21 11:24:21,022 - INFO - 成功解析: page21.html - 联合运营机制与沟通协调
2025-08-21 11:24:21,028 - INFO - 成功解析: page22.html - 收益分配原则
2025-08-21 11:24:21,036 - INFO - 成功解析: page23.html - 政策支持与资金争取
2025-08-21 11:24:21,045 - INFO - 成功解析: page24.html - 合作价值与远期展望
2025-08-21 11:24:21,059 - INFO - 成功解析: page25.html - 经济效益分析
2025-08-21 11:24:21,067 - INFO - 成功解析: page26.html - 社会效益与产业带动
2025-08-21 11:24:21,084 - INFO - 成功解析: page27.html - 风险评估与应对措施
2025-08-21 11:24:21,098 - INFO - 成功解析: page28.html - 实施时间表与里程碑
2025-08-21 11:24:21,104 - INFO - 成功解析: page29.html - 结论与建议
2025-08-21 11:24:21,110 - INFO - 成功解析: page30.html - 谢谢
2025-08-21 11:24:21,122 - INFO - 开始生成PPT演示文稿
2025-08-21 11:24:21,128 - INFO - 已生成第 1 页: 四川能投智慧光电有限公司智慧产业生态合作方案
2025-08-21 11:24:21,131 - INFO - 已生成第 2 页: 目录
2025-08-21 11:24:21,143 - INFO - 已生成第 3 页: 合作背景：数字经济与智慧产业发展新机遇
2025-08-21 11:24:21,155 - INFO - 已生成第 4 页: 国家及地方政策导向
2025-08-21 11:24:21,166 - INFO - 已生成第 5 页: 建筑行业与园区智能化转型趋势
2025-08-21 11:24:21,185 - INFO - 已生成第 6 页: 能源与算力融合发展前景
2025-08-21 11:24:21,196 - INFO - 已生成第 7 页: 合作主体介绍
2025-08-21 11:24:21,208 - INFO - 已生成第 8 页: 四川能投智慧光电有限公司
2025-08-21 11:24:21,220 - INFO - 已生成第 9 页: 电子科大科技园人工智能概念验证中心
2025-08-21 11:24:21,228 - INFO - 已生成第 10 页: 合作内容：构建智慧产业生态
2025-08-21 11:24:21,241 - INFO - 已生成第 11 页: 高品质科创空间联合运营
2025-08-21 11:24:21,250 - INFO - 已生成第 12 页: 平台搭建与功能规划
2025-08-21 11:24:21,260 - INFO - 已生成第 13 页: 招商运营策略与资源导入
2025-08-21 11:24:21,273 - INFO - 已生成第 14 页: 储能+边缘计算示范项目建设
2025-08-21 11:24:21,289 - INFO - 已生成第 15 页: 智慧工地安全管理系统
2025-08-21 11:24:21,304 - INFO - 已生成第 16 页: 系统1.0版本开发与知识产权形成
2025-08-21 11:24:21,318 - INFO - 已生成第 17 页: 后续版本迭代与功能拓展
2025-08-21 11:24:21,327 - INFO - 已生成第 18 页: 内部应用示范与外部市场推广
2025-08-21 11:24:21,338 - INFO - 已生成第 19 页: 合作模式与运营策略
2025-08-21 11:24:21,358 - INFO - 已生成第 20 页: 职责分工与资源投入
2025-08-21 11:24:21,370 - INFO - 已生成第 21 页: 联合运营机制与沟通协调
2025-08-21 11:24:21,380 - INFO - 已生成第 22 页: 收益分配原则
2025-08-21 11:24:21,394 - INFO - 已生成第 23 页: 政策支持与资金争取
2025-08-21 11:24:21,409 - INFO - 已生成第 24 页: 合作价值与远期展望
2025-08-21 11:24:21,421 - INFO - 已生成第 25 页: 经济效益分析
2025-08-21 11:24:21,429 - INFO - 已生成第 26 页: 社会效益与产业带动
2025-08-21 11:24:21,439 - INFO - 已生成第 27 页: 风险评估与应对措施
2025-08-21 11:24:21,450 - INFO - 已生成第 28 页: 实施时间表与里程碑
2025-08-21 11:24:21,461 - INFO - 已生成第 29 页: 结论与建议
2025-08-21 11:24:21,467 - INFO - 已生成第 30 页: 谢谢
2025-08-21 11:24:21,505 - INFO - PPT文件已保存至: C:\Users\ARIS\Downloads\四川能投智慧光电智慧产业生态合作方案.pptx
2025-08-21 11:24:21,505 - INFO - PPT生成完成！共处理 30 个页面
2025-08-21 11:24:21,506 - INFO - 输出文件: C:\Users\ARIS\Downloads\四川能投智慧光电智慧产业生态合作方案.pptx
